// Vitest Snapshot v1, https://vitest.dev/guide/snapshot.html

exports[`Cyto > getElements 1`] = `
{
  "edges": [
    {
      "classes": [
        "dep",
        "run-time",
      ],
      "data": {
        "id": "album_workspace-a",
        "source": "workspace-a",
        "target": "album",
      },
    },
    {
      "classes": [
        "dep",
        "run-time",
      ],
      "data": {
        "id": "album_workspace-b",
        "source": "workspace-b",
        "target": "album",
      },
    },
    {
      "classes": [
        "dep",
        "run-time",
      ],
      "data": {
        "id": "brake_workspace-a#wsa-a",
        "source": "workspace-a#wsa-a",
        "target": "brake",
      },
    },
    {
      "classes": [
        "dep",
        "development",
      ],
      "data": {
        "id": "desk_workspace-a#wsa-a",
        "source": "workspace-a#wsa-a",
        "target": "desk",
      },
    },
    {
      "classes": [
        "dep",
        "development",
      ],
      "data": {
        "id": "jest_workspace-a",
        "source": "workspace-a",
        "target": "jest",
      },
    },
    {
      "classes": [
        "dep",
        "development",
      ],
      "data": {
        "id": "jest_workspace-b",
        "source": "workspace-b",
        "target": "jest",
      },
    },
    {
      "classes": [
        "dep",
        "run-time",
      ],
      "data": {
        "id": "throttle_workspace-a#wsa-a",
        "source": "workspace-a#wsa-a",
        "target": "throttle",
      },
    },
    {
      "classes": [
        "dep",
        "development",
      ],
      "data": {
        "id": "window_workspace-a#wsa-a",
        "source": "workspace-a#wsa-a",
        "target": "window",
      },
    },
    {
      "classes": "psub",
      "data": {
        "id": "workspace-a#wsa-a-workspace-a",
        "source": "workspace-a",
        "target": "workspace-a#wsa-a",
      },
    },
  ],
  "nodes": [
    {
      "classes": [
        "dep",
      ],
      "data": {
        "aversion": "2",
        "id": "album",
      },
    },
    {
      "classes": [
        "dep",
      ],
      "data": {
        "aversion": "1",
        "id": "brake",
      },
    },
    {
      "classes": [
        "dep",
      ],
      "data": {
        "aversion": "*",
        "id": "desk",
      },
    },
    {
      "classes": [
        "dep",
      ],
      "data": {
        "aversion": "5",
        "id": "jest",
      },
    },
    {
      "classes": [
        "dep",
      ],
      "data": {
        "aversion": "4",
        "id": "throttle",
      },
    },
    {
      "classes": [
        "dep",
      ],
      "data": {
        "aversion": "*",
        "id": "window",
      },
    },
    {
      "classes": [
        "gbp",
      ],
      "data": {
        "id": "workspace-a",
      },
    },
    {
      "classes": [
        "psub",
      ],
      "data": {
        "id": "workspace-a#wsa-a",
      },
    },
    {
      "classes": [
        "gbp",
      ],
      "data": {
        "id": "workspace-b",
      },
    },
  ],
}
`;
