// Vitest Snapshot v1, https://vitest.dev/guide/snapshot.html

exports[`DependencyGraph > digestWorkspace 1`] = `
{
  "edges": [
    {
      "data": {
        "id": "workspace-a@workspace-a>workspace-a",
        "source": "workspace-a@workspace-a",
        "target": "workspace-a",
      },
    },
    {
      "data": {
        "id": "jest@npm>jest@npm@3.0.0",
        "source": "jest@npm",
        "target": "jest@npm@3.0.0",
      },
    },
    {
      "classes": [
        "dependency",
        "dev",
      ],
      "data": {
        "id": "jest@npm@3.0.0>workspace-a@workspace-a",
        "source": "jest@npm@3.0.0",
        "target": "workspace-a@workspace-a",
      },
    },
    {
      "data": {
        "id": "album@npm>album@npm@4.0.0",
        "source": "album@npm",
        "target": "album@npm@4.0.0",
      },
    },
    {
      "classes": [
        "dependency",
        "runtime",
      ],
      "data": {
        "id": "album@npm@4.0.0>workspace-a@workspace-a",
        "source": "album@npm@4.0.0",
        "target": "workspace-a@workspace-a",
      },
    },
    {
      "data": {
        "id": "workspace-a@wsa-a>workspace-a",
        "source": "workspace-a@wsa-a",
        "target": "workspace-a",
      },
    },
    {
      "data": {
        "id": "desk@npm>desk@npm@^1.4.9",
        "source": "desk@npm",
        "target": "desk@npm@^1.4.9",
      },
    },
    {
      "classes": [
        "dependency",
        "dev",
      ],
      "data": {
        "id": "desk@npm@^1.4.9>workspace-a@wsa-a",
        "source": "desk@npm@^1.4.9",
        "target": "workspace-a@wsa-a",
      },
    },
    {
      "data": {
        "id": "window@npm>window@npm@5.4.2",
        "source": "window@npm",
        "target": "window@npm@5.4.2",
      },
    },
    {
      "classes": [
        "dependency",
        "dev",
      ],
      "data": {
        "id": "window@npm@5.4.2>workspace-a@wsa-a",
        "source": "window@npm@5.4.2",
        "target": "workspace-a@wsa-a",
      },
    },
    {
      "data": {
        "id": "eslint-plugin-gb@npm>eslint-plugin-gb@npm@skipped",
        "source": "eslint-plugin-gb@npm",
        "target": "eslint-plugin-gb@npm@skipped",
      },
    },
    {
      "classes": [
        "dependency",
        "dev",
      ],
      "data": {
        "id": "eslint-plugin-gb@npm@skipped>workspace-a@wsa-a",
        "source": "eslint-plugin-gb@npm@skipped",
        "target": "workspace-a@wsa-a",
      },
    },
    {
      "data": {
        "id": "throttle@npm>throttle@npm@^4.1.2",
        "source": "throttle@npm",
        "target": "throttle@npm@^4.1.2",
      },
    },
    {
      "classes": [
        "dependency",
        "runtime",
      ],
      "data": {
        "id": "throttle@npm@^4.1.2>workspace-a@wsa-a",
        "source": "throttle@npm@^4.1.2",
        "target": "workspace-a@wsa-a",
      },
    },
    {
      "data": {
        "id": "brake@npm>brake@npm@~1.4.6",
        "source": "brake@npm",
        "target": "brake@npm@~1.4.6",
      },
    },
    {
      "classes": [
        "dependency",
        "runtime",
      ],
      "data": {
        "id": "brake@npm@~1.4.6>workspace-a@wsa-a",
        "source": "brake@npm@~1.4.6",
        "target": "workspace-a@wsa-a",
      },
    },
  ],
  "nodes": [
    {
      "classes": [
        "ws",
      ],
      "data": {
        "id": "workspace-a",
        "label": "workspace-a",
      },
    },
    {
      "classes": [
        "subp",
        "root",
      ],
      "data": {
        "id": "workspace-a@workspace-a",
        "label": "workspace-a",
      },
    },
    {
      "classes": [],
      "data": {
        "id": "jest@npm",
        "label": "jest",
      },
    },
    {
      "classes": [],
      "data": {
        "id": "jest@npm@3.0.0",
        "label": "3.0.0",
      },
    },
    {
      "classes": [],
      "data": {
        "id": "album@npm",
        "label": "album",
      },
    },
    {
      "classes": [],
      "data": {
        "id": "album@npm@4.0.0",
        "label": "4.0.0",
      },
    },
    {
      "classes": [
        "subp",
      ],
      "data": {
        "id": "workspace-a@wsa-a",
        "label": "wsa-a",
      },
    },
    {
      "classes": [],
      "data": {
        "id": "desk@npm",
        "label": "desk",
      },
    },
    {
      "classes": [],
      "data": {
        "id": "desk@npm@^1.4.9",
        "label": "^1.4.9",
      },
    },
    {
      "classes": [],
      "data": {
        "id": "window@npm",
        "label": "window",
      },
    },
    {
      "classes": [],
      "data": {
        "id": "window@npm@5.4.2",
        "label": "5.4.2",
      },
    },
    {
      "classes": [],
      "data": {
        "id": "eslint-plugin-gb@npm",
        "label": "eslint-plugin-gb",
      },
    },
    {
      "classes": [],
      "data": {
        "id": "eslint-plugin-gb@npm@skipped",
        "label": "skipped",
      },
    },
    {
      "classes": [],
      "data": {
        "id": "throttle@npm",
        "label": "throttle",
      },
    },
    {
      "classes": [],
      "data": {
        "id": "throttle@npm@^4.1.2",
        "label": "^4.1.2",
      },
    },
    {
      "classes": [],
      "data": {
        "id": "brake@npm",
        "label": "brake",
      },
    },
    {
      "classes": [],
      "data": {
        "id": "brake@npm@~1.4.6",
        "label": "~1.4.6",
      },
    },
  ],
}
`;
